[runecom03.runtime.vn/index.html]
[backblue.gif]
[fade.gif]
[index.html]
[runecom03.runtime.vn/Scripts/bootstrap/css/bootstrap.min.css]
[runecom03.runtime.vn/App_Themes/Home/font-awesome.min.css]
[runecom03.runtime.vn/App_Themes/Home/common.css]
[runecom03.runtime.vn/App_Themes/Home/animate.css]
[runecom03.runtime.vn/Scripts/jQuery-ui/jquery-ui.min.css]
[runecom03.runtime.vn/Scripts/jQuery/jquery-migrate-1.2.1.min.js]
[runecom03.runtime.vn/Scripts/common/fix-height.js]
[runecom03.runtime.vn/Scripts/common/common.js]
[runecom03.runtime.vn/Scripts/common/jquery.cookie.js]
[runecom03.runtime.vn/Scripts/bootstrap/js/bootstrap.min.js]
[runecom03.runtime.vn/Scripts/common/mycard.js]
[runecom03.runtime.vn/Scripts/lazyLoad/jquery.lazyload.min.js]
[runecom03.runtime.vn/Scripts/angularJS/angular-sanitize.min.js]
[runecom03.runtime.vn/Scripts/angular-loading-spinner/spin.min.js]
[runecom03.runtime.vn/Scripts/angular-loading-spinner/angular-spinner.min.js]
[runecom03.runtime.vn/Scripts/angular-loading-spinner/angular-loading-spinner.js]
[runecom03.runtime.vn/Scripts/jQuery/jquery-2.1.4.min.js]
[runecom03.runtime.vn/app/appMain.js]
[runecom03.runtime.vn/app/directives/angular-summernote.js]
[runecom03.runtime.vn/app/directives/directive.js]
[runecom03.runtime.vn/app/directives/paging.js]
[runecom03.runtime.vn/app/services/ajaxServices.js]
[runecom03.runtime.vn/app/services/alertsServices.js]
[static.runtime.vn/App_Themes/RUN003C5/style.css]
[static.runtime.vn/App_Themes/RUN003/responsive.css]
[connect.facebook.net/en_US/sdk.js]
[runecom03.runtime.vn/Scripts/common/login.js]
[runecom03.runtime.vn/kiem-tra-don-hang.html]
[runecom03.runtime.vn/gio-hang.html]
[runecom03.runtime.vn/dang-nhap.html]
[runecom03.runtime.vn/dang-ky.html]
[runecom03.runtime.vn/Uploads/shop90/images/banner(1).png]
[runecom03.runtime.vn/Scripts/angularJS/angular.min.js]
[runecom03.runtime.vn/tim-kiem7c8e.html]
[runecom03.runtime.vn/Scripts/jQuery-ui/jquery-ui.min.js]
[runecom03.runtime.vn/san-pham.html]
[runecom03.runtime.vn/san-pham/may-anh-may-quay-phim-1130.html]
[runecom03.runtime.vn/san-pham/may-quay-phim.html]
[runecom03.runtime.vn/san-pham/may-quy-phim-sony.html]
[runecom03.runtime.vn/san-pham/may-quay-phim-panasonic.html]
[runecom03.runtime.vn/san-pham/may-quay-phim-canon.html]
[runecom03.runtime.vn/san-pham/may-quay-phim-jvc.html]
[runecom03.runtime.vn/san-pham/may-anh-so-1140.html]
[runecom03.runtime.vn/san-pham/may-anh-canon.html]
[runecom03.runtime.vn/san-pham/may-anh-panasonic.html]
[runecom03.runtime.vn/san-pham/may-anh-samsung.html]
[runecom03.runtime.vn/san-pham/may-anh-sony.html]
[runecom03.runtime.vn/san-pham/may-anh-nikon.html]
[runecom03.runtime.vn/san-pham/may-anh-casio-1411.html]
[runecom03.runtime.vn/san-pham/bo-do-the-thao-nam-1139.html]
[runecom03.runtime.vn/san-pham/phu-kien.html]
[runecom03.runtime.vn/san-pham/chan-may.html]
[runecom03.runtime.vn/san-pham/pin--sac.html]
[runecom03.runtime.vn/san-pham/the-nho.html]
[runecom03.runtime.vn/san-pham/lens-hood.html]
[runecom03.runtime.vn/san-pham/bo-ve-sinh.html]
[runecom03.runtime.vn/san-pham/may-de-ban---laptop.html]
[runecom03.runtime.vn/san-pham/may-de-ban.html]
[runecom03.runtime.vn/san-pham/may-tinh-hp.html]
[runecom03.runtime.vn/san-pham/may-tinh-dell.html]
[runecom03.runtime.vn/san-pham/may-tinh-lenovo.html]
[runecom03.runtime.vn/san-pham/may-tinh-acer.html]
[runecom03.runtime.vn/san-pham/may-tinh-asus.html]
[runecom03.runtime.vn/san-pham/phu-kien-may-tinh.html]
[runecom03.runtime.vn/san-pham/tui-xach.html]
[runecom03.runtime.vn/san-pham/ram.html]
[runecom03.runtime.vn/san-pham/pin---sac.html]
[runecom03.runtime.vn/san-pham/ban-phim---chuot.html]
[runecom03.runtime.vn/san-pham/laptop.html]
[runecom03.runtime.vn/san-pham/laptop-dell.html]
[runecom03.runtime.vn/san-pham/laptop-asus.html]
[runecom03.runtime.vn/san-pham/laptop-acer.html]
[runecom03.runtime.vn/san-pham/laptop-hp.html]
[runecom03.runtime.vn/san-pham/laptop-sony.html]
[runecom03.runtime.vn/san-pham/laptop-lenovo.html]
[runecom03.runtime.vn/san-pham/laptop-toshiba.html]
[runecom03.runtime.vn/san-pham/laptop-samsung.html]
[runecom03.runtime.vn/san-pham/laptop-apple.html]
[runecom03.runtime.vn/san-pham/dien-thoai-1132.html]
[runecom03.runtime.vn/san-pham/dien-thoai-di-dong.html]
[runecom03.runtime.vn/san-pham/dien-thoai-samsung.html]
[runecom03.runtime.vn/san-pham/dien-thoai-sony.html]
[runecom03.runtime.vn/san-pham/dien-thoai-iphone.html]
[runecom03.runtime.vn/san-pham/dien-thoai-lg.html]
[runecom03.runtime.vn/san-pham/dien-thoai-nokia.html]
[runecom03.runtime.vn/san-pham/dien-thoai-asus.html]
[runecom03.runtime.vn/san-pham/dien-thoai-htc.html]
[runecom03.runtime.vn/san-pham/dien-thoai-lenovo.html]
[runecom03.runtime.vn/san-pham/phu-kien-dien-thoai.html]
[runecom03.runtime.vn/san-pham/pin-dien-thoai.html]
[runecom03.runtime.vn/san-pham/sac-dien-thoai.html]
[runecom03.runtime.vn/san-pham/bao-da.html]
[runecom03.runtime.vn/san-pham/phu-kien-khac.html]
[runecom03.runtime.vn/san-pham/dien-thoai-co-dinh.html]
[runecom03.runtime.vn/san-pham/dien-thoai-panasonic.html]
[runecom03.runtime.vn/san-pham/hang-khac.html]
[runecom03.runtime.vn/san-pham/may-tinh-bang.html]
[runecom03.runtime.vn/san-pham/theo-hang.html]
[runecom03.runtime.vn/san-pham/tablet-apple.html]
[runecom03.runtime.vn/san-pham/tablet-samsung.html]
[runecom03.runtime.vn/san-pham/tablet-acer.html]
[runecom03.runtime.vn/san-pham/tablet-asus.html]
[runecom03.runtime.vn/san-pham/tablet-sony.html]
[runecom03.runtime.vn/san-pham/tablet-coby.html]
[runecom03.runtime.vn/san-pham/tablet-msi.html]
[runecom03.runtime.vn/san-pham/phu-kien-tablet.html]
[runecom03.runtime.vn/san-pham/tui-xach-cho-tablet.html]
[runecom03.runtime.vn/san-pham/case--op-lung.html]
[runecom03.runtime.vn/san-pham/thoi-trang.html]
[runecom03.runtime.vn/san-pham/thoi-trang-nam.html]
[runecom03.runtime.vn/san-pham/giay-dep-nam.html]
[runecom03.runtime.vn/san-pham/tui---vi-nam.html]
[runecom03.runtime.vn/san-pham/phu-kien-nam.html]
[runecom03.runtime.vn/san-pham/quan-ao-nam.html]
[runecom03.runtime.vn/san-pham/trang-suc----dong-ho.html]
[runecom03.runtime.vn/san-pham/trang-suc-thoi-trang.html]
[runecom03.runtime.vn/san-pham/trang-suc-cao-cap.html]
[runecom03.runtime.vn/san-pham/dong-ho-thoi-trang.html]
[runecom03.runtime.vn/san-pham/dong-ho-cao-cap.html]
[runecom03.runtime.vn/san-pham/thoi-trang-nu.html]
[runecom03.runtime.vn/san-pham/phu-kien-nu.html]
[runecom03.runtime.vn/san-pham/tui---vi-nu.html]
[runecom03.runtime.vn/san-pham/quan-ao-nu.html]
[runecom03.runtime.vn/san-pham/giay-dep-nu.html]
[runecom03.runtime.vn/san-pham/hang-gia-dung.html]
[runecom03.runtime.vn/san-pham/do-dung-gia-dinh.html]
[runecom03.runtime.vn/san-pham/quat-may---quat-phun-suong.html]
[runecom03.runtime.vn/san-pham/ban-la.html]
[runecom03.runtime.vn/san-pham/may-xay-toc.html]
[runecom03.runtime.vn/san-pham/may-hut-bui.html]
[runecom03.runtime.vn/san-pham/binh-tam-nuoc-nong.html]
[runecom03.runtime.vn/san-pham/may-loc-nuoc.html]
[runecom03.runtime.vn/san-pham/do-dung-nha-bep.html]
[runecom03.runtime.vn/san-pham/noi-com-dien.html]
[runecom03.runtime.vn/san-pham/noi-ap-suat.html]
[runecom03.runtime.vn/san-pham/bep-ga.html]
[runecom03.runtime.vn/san-pham/bep-dien-tu.html]
[runecom03.runtime.vn/san-pham/bep-hong-ngoai.html]
[runecom03.runtime.vn/san-pham/lo-vi-song.html]
[runecom03.runtime.vn/san-pham/lo-nuong.html]
[runecom03.runtime.vn/trang-chu.html]
[runecom03.runtime.vn/gioi-thieu.html]
[runecom03.runtime.vn/tin-tuc.html]
[runecom03.runtime.vn/lien-he.html]
[runecom03.runtime.vn/content/chinh-sach-bao-mat.html]
[runecom03.runtime.vn/app/services/moduleServices.js]
[runecom03.runtime.vn/app/controllers/moduleController.js]
[runecom03.runtime.vn/Scripts/flexSlider/flexslider.css]
[runecom03.runtime.vn/Scripts/flexSlider/jquery.flexslider-min.js]
[runecom03.runtime.vn/notfoundfba4.html]
[runecom03.runtime.vn/Scripts/owl-carousel/owl.carousel.css]
[runecom03.runtime.vn/Scripts/owl-carousel/owl.theme.css]
[runecom03.runtime.vn/Scripts/owl-carousel/owl.carousel.min.js]
[runecom03.runtime.vn/Uploads/shop90/images/product/asus-3505-372622-1-zoom.jpg]
[runecom03.runtime.vn/san-pham/asus-p550lnvxo221d---core-i7-4510u-2.0ghz_3.1ghz---15.6”---4gb-(xam).html]
[runecom03.runtime.vn/Uploads/shop90/images/product/asus-9116-098631-1-zoom.jpg]
[runecom03.runtime.vn/san-pham/dell-inspiron-one-2350-mons1405368---core-i3-4000m-2.4ghz---23”-full-hd---8gb---1tb-(bac).html]
[runecom03.runtime.vn/Uploads/shop90/images/product/dell-7270-242341-1-zoom.jpg]
[runecom03.runtime.vn/san-pham/lenovo-h50057323257---pentium-j2850-2.41ghz---2gb---500gb-(den).html]
[runecom03.runtime.vn/Uploads/shop90/images/product/lenovo-9594-317202-3-zoom.jpg]
[runecom03.runtime.vn/san-pham/canon-ef-14mm-f2.8l-ii-usm-ch---ong-kinh-(den).html]
[runecom03.runtime.vn/Uploads/shop90/images/product/canon-4055-095422-1-zoom.jpg]
[runecom03.runtime.vn/san-pham/canon-ef-100-400mm-f-4.5-5.6l-is-usm---ong-kinh-(den).html]
[runecom03.runtime.vn/Uploads/shop90/images/product/canon-8929-931402-1-zoom.jpg]
[runecom03.runtime.vn/san-pham/canon-ef-70-200mm-f-2.8l-is-ii-usm---ong-kinh-(trang-phoi-den).html]
[runecom03.runtime.vn/Uploads/shop90/images/product/canon-7736-052923-1-zoom.jpg]
[runecom03.runtime.vn/san-pham/nikon-af-s-24mm-f1.4g-ed-nano-ch---ong-kinh-(den).html]
[runecom03.runtime.vn/Uploads/shop90/images/product/nikon-6436-868422-1-zoom.jpg]
[runecom03.runtime.vn/san-pham/canon-ef-85mm-f-1.2l-usm-ii---ong-kinh-(den).html]
[runecom03.runtime.vn/Uploads/shop90/images/product/canon-6755-393313-1-zoom.jpg]
[runecom03.runtime.vn/san-pham/canon-bg-e11-–-de-pin-(den).html]
[runecom03.runtime.vn/Uploads/shop90/images/product/chamber-6833-898812-1-zoom.jpg]
[runecom03.runtime.vn/san-pham/nikon-charger-mh-24---sac-pin-may-anh-(den).html]
[runecom03.runtime.vn/Uploads/shop90/images/product/nikon-3667-500402-1-zoom.jpg]
[runecom03.runtime.vn/san-pham/canon-fs300-–-may-quay-the-nho-(xam).html]
[runecom03.runtime.vn/Uploads/shop90/images/product/canon-4843-618413-1-zoom.jpg]
[runecom03.runtime.vn/san-pham/canon-vixia-hf-m40---may-quay-phim---10x-(den).html]
[runecom03.runtime.vn/Uploads/shop90/images/product/canon-2050-309213-1-zoom.jpg]
[runecom03.runtime.vn/san-pham/sony-handycam-dcr-sr47-–-may-quay-the-nho-(xanh)---hang-nhap-khau-sony-handycam-dcr-sr47.html]
[runecom03.runtime.vn/Uploads/shop90/images/product/sony-ericsson-4844-718413-1-zoom.jpg]
[runecom03.runtime.vn/san-pham/sony-hdr-cx240e.html]
[runecom03.runtime.vn/Uploads/shop90/images/product/may-quay-phim-sony-hdr-PJ240E-1(1).jpg]
[runecom03.runtime.vn/san-pham/sony-hdr-pj340e---30x.html]
[runecom03.runtime.vn/Uploads/shop90/images/product/sony-7155-751762-1-product.jpg]
[runecom03.runtime.vn/san-pham/sony-hdrpj820e---12x.html]
[runecom03.runtime.vn/Uploads/shop90/images/product/sony-7211-061762-1-product.jpg]
[runecom03.runtime.vn/san-pham/may-quay-phim-canon-smx-f500bp-xsv.html]
[runecom03.runtime.vn/Uploads/shop90/images/product/may-quayphim-samsung-HMX-Q130BP-anh113212544574ec0be39ba90c(1)(1).jpg]
[runecom03.runtime.vn/san-pham/may-quay-phim-sony-hdr-cx240e-bce35.html]
[runecom03.runtime.vn/Uploads/shop90/images/product/may-quay-phim-sony-hdr-cx240e.jpg]
[runecom03.runtime.vn/san-pham/may-quay-phim-jvc-gz-e10bag.html]
[runecom03.runtime.vn/Uploads/shop90/images/product/gz-e10.jpg]
[runecom03.runtime.vn/san-pham/may-quay-phim-jvc-gz-e205rag.html]
[runecom03.runtime.vn/Uploads/shop90/images/product/MAY-QUAY-PHIM-GZ-E205-5.jpg]
[runecom03.runtime.vn/san-pham/may-quay-phim-jvc-gz-e205bag.html]
[runecom03.runtime.vn/Uploads/shop90/images/product/MAY-QUAY-PHIM-GZ-E205-4.jpg]
[runecom03.runtime.vn/san-pham/may-quay-phim-jvc-gz-ms150hag.html]
[runecom03.runtime.vn/Uploads/shop90/images/product/máy-quayphim-JVC-GZ-MS150-anh4(1).jpg]
[runecom03.runtime.vn/san-pham/may-anh-panasonic-dmc-sz3ga-k-(den).html]
[runecom03.runtime.vn/Uploads/shop90/images/product/MAY-ANH-PANASONIC-DMC-SZ3GA-K-DEN.jpg]
[runecom03.runtime.vn/content/giao-hang-doi-tra.html]
[runecom03.runtime.vn/content/huong-dan-mua-hang.html]
[runecom03.runtime.vn/index2679.html]
[runecom03.runtime.vn/content/huong-dan-thanh-toan.html]
[runecom03.runtime.vn/index4658.html]
[runecom03.runtime.vn/content/tai-khoan-giao-dich.html]
[runecom03.runtime.vn/Images/ajax-loader-main.gif]
[runecom03.runtime.vn/index.html]
[runecom03.runtime.vn/Scripts/bootstrap/fonts/glyphicons-halflings-regular.eot]
[runecom03.runtime.vn/Scripts/bootstrap/fonts/glyphicons-halflings-regular.woff2]
[runecom03.runtime.vn/Scripts/bootstrap/fonts/glyphicons-halflings-regulard41d.eot]
[runecom03.runtime.vn/Scripts/bootstrap/fonts/glyphicons-halflings-regular.woff]
[runecom03.runtime.vn/Scripts/bootstrap/fonts/glyphicons-halflings-regular.ttf]
[runecom03.runtime.vn/Scripts/bootstrap/css/bootstrap.min.css]
[runecom03.runtime.vn/App_Themes/Home/fonts/fontawesome-webfont5b62.eot]
[runecom03.runtime.vn/App_Themes/Home/fonts/fontawesome-webfontd41d.eot]
[runecom03.runtime.vn/App_Themes/Home/fonts/fontawesome-webfont5b62.woff2]
[runecom03.runtime.vn/App_Themes/Home/fonts/fontawesome-webfont5b62.woff]
[runecom03.runtime.vn/App_Themes/Home/fonts/fontawesome-webfont5b62.ttf]
[runecom03.runtime.vn/App_Themes/Home/font-awesome.min.css]
[runecom03.runtime.vn/App_Themes/Home/fonts/UVNMuaThu.ttf]
[runecom03.runtime.vn/App_Themes/Home/fonts/iCielBambola.ttf]
[runecom03.runtime.vn/App_Themes/Home/fonts/iCielBambola.otf]
[runecom03.runtime.vn/App_Themes/Home/fonts/Roboto-Regular.ttf]
[runecom03.runtime.vn/App_Themes/Home/fonts/OpenSans-Regular.ttf]
[runecom03.runtime.vn/App_Themes/Home/fonts/UVNBaiSau.ttf]
[runecom03.runtime.vn/App_Themes/Home/fonts/UVNBaiSau_R.ttf]
[runecom03.runtime.vn/App_Themes/Home/fonts/cour.ttf]
[runecom03.runtime.vn/App_Themes/Home/fonts/courbd.ttf]
[runecom03.runtime.vn/App_Themes/Home/fonts/couri.ttf]
[runecom03.runtime.vn/App_Themes/Home/fonts/courbi.ttf]
[runecom03.runtime.vn/App_Themes/Home/fonts/VUNIVER.TTF]
[runecom03.runtime.vn/App_Themes/Home/fonts/avantg.ttf]
[runecom03.runtime.vn/App_Themes/Home/fonts/Vntfap01.ttf]
[runecom03.runtime.vn/App_Themes/Home/fonts/vnithufap.ttf]
[runecom03.runtime.vn/App_Themes/Home/fonts/UVNHuongQue_R.TTF]
[runecom03.runtime.vn/App_Themes/Home/fonts/HL-thufap1-Unicode.ttf]
[runecom03.runtime.vn/App_Themes/Home/common.css]
[runecom03.runtime.vn/App_Themes/Home/animate.css]
[runecom03.runtime.vn/Scripts/jQuery-ui/images/ui-bg_highlight-soft_100_eeeeee_1x100.png]
[runecom03.runtime.vn/Scripts/jQuery-ui/images/ui-bg_gloss-wave_35_f6a828_500x100.png]
[runecom03.runtime.vn/Scripts/jQuery-ui/images/ui-bg_glass_100_f6f6f6_1x400.png]
[runecom03.runtime.vn/Scripts/jQuery-ui/images/ui-bg_glass_100_fdf5ce_1x400.png]
[runecom03.runtime.vn/Scripts/jQuery-ui/images/ui-bg_glass_65_ffffff_1x400.png]
[runecom03.runtime.vn/Scripts/jQuery-ui/images/ui-bg_highlight-soft_75_ffe45c_1x100.png]
[runecom03.runtime.vn/Scripts/jQuery-ui/images/ui-bg_diagonals-thick_18_b81900_40x40.png]
[runecom03.runtime.vn/Scripts/jQuery-ui/images/ui-icons_222222_256x240.png]
[runecom03.runtime.vn/Scripts/jQuery-ui/images/ui-icons_ffffff_256x240.png]
[runecom03.runtime.vn/Scripts/jQuery-ui/images/ui-icons_ef8c08_256x240.png]
[runecom03.runtime.vn/Scripts/jQuery-ui/images/ui-icons_228ef1_256x240.png]
[runecom03.runtime.vn/Scripts/jQuery-ui/images/ui-icons_ffd27a_256x240.png]
[runecom03.runtime.vn/Scripts/jQuery-ui/images/ui-bg_diagonals-thick_20_666666_40x40.png]
[runecom03.runtime.vn/Scripts/jQuery-ui/jquery-ui.min.css]
[runecom03.runtime.vn/Scripts/jQuery-ui/images/ui-bg_flat_10_000000_40x100.png]
[static.runtime.vn/App_Themes/RUN003C5/Images/i_mycart.png]
[static.runtime.vn/App_Themes/RUN003C5/Images/select-pro.png]
[static.runtime.vn/App_Themes/RUN003C5/style.css]
[static.runtime.vn/App_Themes/RUN003/responsive.css]
[connect.facebook.net/en_US/sdk.js]
[runecom03.runtime.vn/app/services/orderServices.js]
[runecom03.runtime.vn/app/controllers/orderController.js]
[runecom03.runtime.vn/san-pham/{{item.ProductCode}}.html]
[runecom03.runtime.vn/notfound5031.html]
[runecom03.runtime.vn/kiem-tra-don-hang.html]
[runecom03.runtime.vn/thanh-toan.html]
[runecom03.runtime.vn/gio-hang.html]
[runecom03.runtime.vn/app/services/accountServices.js]
[runecom03.runtime.vn/app/controllers/accountController.js]
[runecom03.runtime.vn/dang-nhap.html]
[runecom03.runtime.vn/dang-ky.html]
[runecom03.runtime.vn/tim-kiem7c8e.html]
[runecom03.runtime.vn/san-pham.html]
[runecom03.runtime.vn/san-pham/may-anh-kts-panasonic-lumix-dmc-zs8-14.1mp.html]
[runecom03.runtime.vn/san-pham/may-anh-kts-panasonic-lumix-10.1mp.html]
[runecom03.runtime.vn/Uploads/shop90/images/product/panasonic-7588-296343-1-product.jpg]
[runecom03.runtime.vn/san-pham/may-anh-kts-panasonic-lumix-dmc-zs10-14.1mp.html]
[runecom03.runtime.vn/Uploads/shop90/images/product/panasonic-6617-918713-1-product.jpg]
[runecom03.runtime.vn/san-pham/may-anh-nikon-d5300-kit-18-55mm-f-3.5---5.6g-vrii.html]
[runecom03.runtime.vn/Uploads/shop90/images/product/May-Anh-NIKON-D5300.png]
[runecom03.runtime.vn/san-pham/may-anh-may-quay-phim-11302679.html]
[runecom03.runtime.vn/san-pham/may-anh-may-quay-phim-11304658.html]
[runecom03.runtime.vn/san-pham/{{item.html]
[runecom03.runtime.vn/san-pham/may-anh-may-quay-phim-1130.html]
[runecom03.runtime.vn/Images/icon-link-more.jpg]
[runecom03.runtime.vn/san-pham/may-quay-phim.html]
[runecom03.runtime.vn/san-pham/may-quy-phim-sony.html]
[runecom03.runtime.vn/san-pham/may-quay-phim-panasonic.html]
[runecom03.runtime.vn/san-pham/may-quay-phim-canon.html]
[runecom03.runtime.vn/san-pham/may-quay-phim-jvc.html]
[runecom03.runtime.vn/san-pham/may-anh-nikon-coolpix-s5200-red.html]
[runecom03.runtime.vn/Uploads/shop90/images/product/MAY-ANH-NIKON-COOLPIX-S5200-RED.jpg]
[runecom03.runtime.vn/san-pham/may-anh-nikon-coolpix-p600-black.html]
[runecom03.runtime.vn/Uploads/shop90/images/product/NIKON-COOLPIX-P600.png]
[runecom03.runtime.vn/san-pham/may-anh-nikon-coolpix-s5200-silver.html]
[runecom03.runtime.vn/Uploads/shop90/images/product/MAY-ANH-NIKON-COOLPIX-S5200-SILVER-hinh1.jpg]
[runecom03.runtime.vn/san-pham/may-anh-samsung-ec-wb350fbdwvn-trang.html]
[runecom03.runtime.vn/Uploads/shop90/images/product/SAMSUNG-EC-WB350FBDWVN-Trang-6.jpg]
[runecom03.runtime.vn/san-pham/may-anh-samsung-ec-wb35fzbdbvnec-den.html]
[runecom03.runtime.vn/Uploads/shop90/images/product/SAMSUNG-EC-WB35FZBDBVNEC-DEN.jpg]
[runecom03.runtime.vn/san-pham/may-anh-samsung-ev-nx30zzbgbvn-den.html]
[runecom03.runtime.vn/Uploads/shop90/images/product/SAMSUNG-EV-NX30ZZBGBVN-Den.jpg]
[runecom03.runtime.vn/san-pham/sony-cyber-shot-18.2mp---zoom-quang-hoc-20x---dsc-wx300-(do).html]
[runecom03.runtime.vn/Uploads/shop90/images/product/sony-3588-683902-1-product.jpg]
[runecom03.runtime.vn/Uploads/shop90/images/product/MAY-ANH-SONY-DSC-WX300-TCE32-1.jpg]
[runecom03.runtime.vn/san-pham/sony-18.2mp---zoom-quang-20x.html]
[runecom03.runtime.vn/san-pham/may-anh-sony-dsc-wx80-bc-e32.html]
[runecom03.runtime.vn/Uploads/shop90/images/product/SONY-DSC-WX80-1.jpg]
[runecom03.runtime.vn/san-pham/may-anh-sony-nex-5ry-bq-ap2.html]
[runecom03.runtime.vn/Uploads/shop90/images/product/MAY-ANH-SONY-NEX-5RY-BQ-AP2-1.jpg]
[runecom03.runtime.vn/san-pham/may-anh-sony-dsc-wx200-pc-e32.html]
[runecom03.runtime.vn/Uploads/shop90/images/product/DSC-WX200-1.jpg]
[runecom03.runtime.vn/san-pham/may-anh-sony-dsc-h300-e32.html]
[runecom03.runtime.vn/Uploads/shop90/images/product/SONY-DSC-H300-E32-1.jpg]
[runecom03.runtime.vn/san-pham/may-anh-sony-ixus-135.html]
[runecom03.runtime.vn/Uploads/shop90/images/product/MAY-ANH-CANON-IXUS-135.png]
[runecom03.runtime.vn/san-pham/may-anh-canon-dsc-w690-sc-e32.html]
[runecom03.runtime.vn/Uploads/shop90/images/product/MA-_ANH-SONY-DSC-W690-SC-E32-1.jpg]
[runecom03.runtime.vn/san-pham/may-anh-canon-nex-5rl-bq-ap2.html]
[runecom03.runtime.vn/Uploads/shop90/images/product/MAY-ANH-SONY-NEX-5RL-BQ-AP2-1.jpg]
[runecom03.runtime.vn/san-pham/may-anh-canon-dsc-wx200-bc-e32.html]
[runecom03.runtime.vn/Uploads/shop90/images/product/SONY_DSC-WX200BC_E32.jpg]
[runecom03.runtime.vn/san-pham/may-anh-canon-ek-gc100zkaxev-(galaxy-camera)-(den).html]
[runecom03.runtime.vn/Uploads/shop90/images/product/MAY-ANH-SAMSUNG-GALAXY-CAMERA-15.jpg]
[runecom03.runtime.vn/san-pham/may-anh-canon-eos-600d.html]
[runecom03.runtime.vn/san-pham/may-anh-so-1140.html]
[runecom03.runtime.vn/san-pham/may-anh-canon.html]
[runecom03.runtime.vn/san-pham/may-anh-panasonic.html]
[runecom03.runtime.vn/san-pham/may-anh-samsung.html]
[runecom03.runtime.vn/Uploads/shop90/images/product/MAY-ANH-Canon-EOS-600D-hinh2.jpg]
[runecom03.runtime.vn/san-pham/may-anh-sony.html]
[runecom03.runtime.vn/san-pham/may-anh-nikon.html]
[runecom03.runtime.vn/san-pham/may-anh-casio-1411.html]
[runecom03.runtime.vn/san-pham/bo-do-the-thao-nam-1139.html]
[runecom03.runtime.vn/san-pham/phu-kien.html]
[runecom03.runtime.vn/san-pham/chan-may.html]
[runecom03.runtime.vn/san-pham/pin--sac.html]
[runecom03.runtime.vn/san-pham/the-nho.html]
[runecom03.runtime.vn/san-pham/lens-hood.html]
[runecom03.runtime.vn/san-pham/bo-ve-sinh.html]
[runecom03.runtime.vn/san-pham/may-de-ban---laptop.html]
[runecom03.runtime.vn/san-pham/may-de-ban.html]
[runecom03.runtime.vn/san-pham/may-tinh-hp.html]
[runecom03.runtime.vn/san-pham/may-tinh-dell.html]
[runecom03.runtime.vn/san-pham/may-tinh-lenovo.html]
[runecom03.runtime.vn/san-pham/may-tinh-acer.html]
[runecom03.runtime.vn/san-pham/may-tinh-asus.html]
[runecom03.runtime.vn/san-pham/phu-kien-may-tinh.html]
[runecom03.runtime.vn/san-pham/tui-xach.html]
[runecom03.runtime.vn/san-pham/ram.html]
[runecom03.runtime.vn/san-pham/pin---sac.html]
[runecom03.runtime.vn/san-pham/ban-phim---chuot.html]
[runecom03.runtime.vn/san-pham/laptop.html]
[runecom03.runtime.vn/san-pham/laptop-dell.html]
[runecom03.runtime.vn/san-pham/laptop-asus.html]
[runecom03.runtime.vn/san-pham/laptop-acer.html]
[runecom03.runtime.vn/san-pham/laptop-hp.html]
[runecom03.runtime.vn/san-pham/laptop-sony.html]
[runecom03.runtime.vn/san-pham/laptop-lenovo.html]
[runecom03.runtime.vn/san-pham/laptop-toshiba.html]
[runecom03.runtime.vn/san-pham/laptop-samsung.html]
[runecom03.runtime.vn/san-pham/laptop-apple.html]
[runecom03.runtime.vn/san-pham/dien-thoai-1132.html]
[runecom03.runtime.vn/san-pham/dien-thoai-di-dong.html]
[runecom03.runtime.vn/san-pham/dien-thoai-samsung.html]
[runecom03.runtime.vn/san-pham/dien-thoai-sony.html]
[runecom03.runtime.vn/san-pham/dien-thoai-iphone.html]
[runecom03.runtime.vn/san-pham/dien-thoai-lg.html]
[runecom03.runtime.vn/san-pham/dien-thoai-nokia.html]
[runecom03.runtime.vn/san-pham/dien-thoai-asus.html]
[runecom03.runtime.vn/san-pham/dien-thoai-htc.html]
[runecom03.runtime.vn/san-pham/dien-thoai-lenovo.html]
[runecom03.runtime.vn/san-pham/phu-kien-dien-thoai.html]
[runecom03.runtime.vn/san-pham/pin-dien-thoai.html]
[runecom03.runtime.vn/san-pham/sac-dien-thoai.html]
[runecom03.runtime.vn/san-pham/bao-da.html]
[runecom03.runtime.vn/san-pham/phu-kien-khac.html]
[runecom03.runtime.vn/san-pham/dien-thoai-co-dinh.html]
[runecom03.runtime.vn/san-pham/dien-thoai-panasonic.html]
[runecom03.runtime.vn/san-pham/hang-khac.html]
[runecom03.runtime.vn/san-pham/may-tinh-bang.html]
[runecom03.runtime.vn/san-pham/theo-hang.html]
[runecom03.runtime.vn/san-pham/tablet-apple.html]
[runecom03.runtime.vn/san-pham/tablet-samsung.html]
[runecom03.runtime.vn/san-pham/tablet-acer.html]
[runecom03.runtime.vn/san-pham/tablet-asus.html]
[runecom03.runtime.vn/san-pham/tablet-sony.html]
[runecom03.runtime.vn/san-pham/tablet-coby.html]
[runecom03.runtime.vn/san-pham/tablet-msi.html]
[runecom03.runtime.vn/san-pham/phu-kien-tablet.html]
[runecom03.runtime.vn/san-pham/tui-xach-cho-tablet.html]
[runecom03.runtime.vn/san-pham/case--op-lung.html]
[runecom03.runtime.vn/san-pham/thoi-trang.html]
[runecom03.runtime.vn/san-pham/thoi-trang-nam.html]
[runecom03.runtime.vn/san-pham/giay-dep-nam.html]
[runecom03.runtime.vn/san-pham/tui---vi-nam.html]
[runecom03.runtime.vn/san-pham/phu-kien-nam.html]
[runecom03.runtime.vn/san-pham/quan-ao-nam.html]
[runecom03.runtime.vn/san-pham/trang-suc----dong-ho.html]
[runecom03.runtime.vn/san-pham/trang-suc-thoi-trang.html]
[runecom03.runtime.vn/san-pham/trang-suc-cao-cap.html]
[runecom03.runtime.vn/san-pham/dong-ho-thoi-trang.html]
[runecom03.runtime.vn/san-pham/dong-ho-cao-cap.html]
[runecom03.runtime.vn/san-pham/thoi-trang-nu.html]
[runecom03.runtime.vn/san-pham/phu-kien-nu.html]
[runecom03.runtime.vn/san-pham/tui---vi-nu.html]
[runecom03.runtime.vn/san-pham/quan-ao-nu.html]
[runecom03.runtime.vn/san-pham/giay-dep-nu.html]
[runecom03.runtime.vn/san-pham/hang-gia-dung.html]
[runecom03.runtime.vn/san-pham/do-dung-gia-dinh.html]
[runecom03.runtime.vn/san-pham/quat-may---quat-phun-suong.html]
[runecom03.runtime.vn/san-pham/ban-la.html]
[runecom03.runtime.vn/san-pham/may-xay-toc.html]
[runecom03.runtime.vn/san-pham/may-hut-bui.html]
[runecom03.runtime.vn/san-pham/binh-tam-nuoc-nong.html]
[runecom03.runtime.vn/san-pham/may-loc-nuoc.html]
[runecom03.runtime.vn/san-pham/do-dung-nha-bep.html]
[runecom03.runtime.vn/san-pham/noi-com-dien.html]
[runecom03.runtime.vn/san-pham/noi-ap-suat.html]
[runecom03.runtime.vn/san-pham/bep-ga.html]
[runecom03.runtime.vn/san-pham/bep-dien-tu.html]
[runecom03.runtime.vn/san-pham/bep-hong-ngoai.html]
[runecom03.runtime.vn/san-pham/lo-vi-song.html]
[runecom03.runtime.vn/san-pham/lo-nuong.html]
[runecom03.runtime.vn/trang-chu2679.html]
[runecom03.runtime.vn/trang-chu.html]
[runecom03.runtime.vn/trang-chu4658.html]
[runecom03.runtime.vn/gioi-thieu/ve-chung-toi.html]
[runecom03.runtime.vn/gioi-thieu/linh-vuc-hoat-dong.html]
[runecom03.runtime.vn/gioi-thieu.html]
[runecom03.runtime.vn/tin-tuc/xu-huong-thoi-trang.html]
[runecom03.runtime.vn/tin-tuc/mac-dep.html]
[runecom03.runtime.vn/tin-tuc/khuyen-mai.html]
[runecom03.runtime.vn/tin-tuc/tren-tay-dell-xps-13-(2015)--mong-hon--manh-hon--pin-tot-hon.html]
[runecom03.runtime.vn/Uploads/shop90/images/product/img-1420675985-1.jpg]
[runecom03.runtime.vn/tin-tuc/panasonic-ra-mat-bo-3-may-anh-compact-moi-261.html]
[runecom03.runtime.vn/Uploads/shop90/images/product/img-1420679878-1.jpg]
[runecom03.runtime.vn/tin-tuc/4-ly-do-de-dau-tu-mot-chiec-ao-khoac-dat-tien.html]
[runecom03.runtime.vn/Uploads/shop90/images/product/1420192593-sgsmuntitled_1_jetc.jpg]
[runecom03.runtime.vn/tin-tuc/“bat-mi”-mau-smartphone-man-hinh-cong-bi-mat-cua-lg.html]
[runecom03.runtime.vn/Uploads/shop90/images/product/img-1420680196-1.jpg]
[runecom03.runtime.vn/Uploads/shop90/images/product/1419643666-rmqy1_mnlm.jpg]
[runecom03.runtime.vn/tin-tuc.html]
[runecom03.runtime.vn/app/services/contactServices.js]
[runecom03.runtime.vn/app/controllers/contactController.js]
[runecom03.runtime.vn/notfoundf7bf.html]
[www.skypeassets.com/i/scom/images/skype-buttons/chatbutton_32px.png]
[runecom03.runtime.vn/Images/icon-viber.png]
[runecom03.runtime.vn/Images/icon-zalo.png]
[runecom03.runtime.vn/notfounda963.html]
[runecom03.runtime.vn/Images/icon-facebook.png]
[runecom03.runtime.vn/lien-he.html]
[runecom03.runtime.vn/notfounda3e5.html]
[runecom03.runtime.vn/notfound3ef9.html]
[runecom03.runtime.vn/content/chinh-sach-bao-mat.html]
[runecom03.runtime.vn/Scripts/flexSlider/fonts/flexslider-icon.eot]
[runecom03.runtime.vn/Scripts/flexSlider/fonts/flexslider-icon.woff]
[runecom03.runtime.vn/Scripts/flexSlider/fonts/flexslider-icond41d.eot]
[runecom03.runtime.vn/Scripts/flexSlider/fonts/flexslider-icon.ttf]
[runecom03.runtime.vn/Scripts/flexSlider/Images/bg_direction_nav.png]
[runecom03.runtime.vn/Scripts/flexSlider/flexslider.css]
[runecom03.runtime.vn/notfoundfba4.html]
[runecom03.runtime.vn/Scripts/owl-carousel/owl.carousel.css]
[runecom03.runtime.vn/notfound8ad2.html]
[runecom03.runtime.vn/notfound7f02.html]
[runecom03.runtime.vn/Scripts/owl-carousel/owl.theme.css]
[runecom03.runtime.vn/ban-do.html]
[runecom03.runtime.vn/Scripts/smoothproducts/smoothproducts.css]
[runecom03.runtime.vn/Scripts/smoothproducts/smoothproducts.js]
[runecom03.runtime.vn/app/services/productServices.js]
[runecom03.runtime.vn/app/controllers/productController.js]
[runecom03.runtime.vn/Images/sp-loading.gif]
[runecom03.runtime.vn/san-pham/{{item-2.html]
[runecom03.runtime.vn/san-pham/asus-p550lnvxo221d---core-i7-4510u-2.0ghz_3.1ghz---15.6”---4gb-(xam).html]
[runecom03.runtime.vn/san-pham/dell-inspiron-one-2350-mons1405368---core-i3-4000m-2.4ghz---23”-full-hd---8gb---1tb-(bac).html]
[runecom03.runtime.vn/san-pham/lenovo-h50057323257---pentium-j2850-2.41ghz---2gb---500gb-(den).html]
[runecom03.runtime.vn/san-pham/canon-ef-14mm-f2.8l-ii-usm-ch---ong-kinh-(den).html]
[runecom03.runtime.vn/san-pham/canon-ef-100-400mm-f-4.5-5.6l-is-usm---ong-kinh-(den).html]
[runecom03.runtime.vn/san-pham/canon-ef-70-200mm-f-2.8l-is-ii-usm---ong-kinh-(trang-phoi-den).html]
[runecom03.runtime.vn/san-pham/nikon-af-s-24mm-f1.4g-ed-nano-ch---ong-kinh-(den).html]
[runecom03.runtime.vn/san-pham/canon-ef-85mm-f-1.2l-usm-ii---ong-kinh-(den).html]
[runecom03.runtime.vn/san-pham/canon-bg-e11-–-de-pin-(den).html]
[runecom03.runtime.vn/san-pham/nikon-charger-mh-24---sac-pin-may-anh-(den).html]
[runecom03.runtime.vn/san-pham/canon-fs300-–-may-quay-the-nho-(xam).html]
[runecom03.runtime.vn/san-pham/canon-vixia-hf-m40---may-quay-phim---10x-(den).html]
[runecom03.runtime.vn/san-pham/sony-handycam-dcr-sr47-–-may-quay-the-nho-(xanh)---hang-nhap-khau-sony-handycam-dcr-sr47.html]
[runecom03.runtime.vn/san-pham/sony-hdr-cx240e.html]
[runecom03.runtime.vn/san-pham/sony-hdr-pj340e---30x.html]
[runecom03.runtime.vn/san-pham/sony-hdrpj820e---12x.html]
[runecom03.runtime.vn/san-pham/may-quay-phim-canon-smx-f500bp-xsv.html]
[runecom03.runtime.vn/san-pham/may-quay-phim-sony-hdr-cx240e-bce35.html]
[runecom03.runtime.vn/san-pham/may-quay-phim-jvc-gz-e10bag.html]
[runecom03.runtime.vn/san-pham/may-quay-phim-jvc-gz-e205rag.html]
[runecom03.runtime.vn/san-pham/may-quay-phim-jvc-gz-e205bag.html]
[runecom03.runtime.vn/san-pham/may-quay-phim-jvc-gz-ms150hag.html]
[runecom03.runtime.vn/san-pham/may-anh-panasonic-dmc-sz3ga-k-(den).html]
[runecom03.runtime.vn/index2679.html]
[runecom03.runtime.vn/index4658.html]
[runecom03.runtime.vn/content/giao-hang-doi-tra.html]
[runecom03.runtime.vn/content/huong-dan-mua-hang.html]
[img.sieumua.com/media/wysiwyg/huongdan/BaoKim/sieumua.com-1_.16d.delayed]
[runecom03.runtime.vn/scripts/addthis/addthis_widget.js]
[img.sieumua.com/media/wysiwyg/huongdan/BaoKim/sieumua.com-2_.png]
[img.sieumua.com/media/wysiwyg/huongdan/BaoKim/sieumua.com-6_.png]
[img.sieumua.com/media/wysiwyg/huongdan/BaoKim/sieumua.com-onestep1.png]
[img.sieumua.com/media/wysiwyg/huongdan/BaoKim/sieumua.com-onestep2.png]
[img.sieumua.com/media/wysiwyg/huongdan/BaoKim/sieumua.com-onestep4.PNG]
[img.sieumua.com/media/wysiwyg/huongdan/BaoKim/sieumua.com-8_.png]
[img.sieumua.com/media/wysiwyg/huongdan/BaoKim/sieumua.com-9_.png]
[img.sieumua.com/media/wysiwyg/huongdan/BaoKim/sieumua.com-10_.png]
[img.sieumua.com/media/wysiwyg/huongdan/BaoKim/sieumua.com-11_.png]
[runecom03.runtime.vn/content/huong-dan-thanh-toan.html]
[runecom03.runtime.vn/content/tai-khoan-giao-dich.html]
[runecom03.runtime.vn/Scripts/bootstrap/fonts/glyphicons-halflings-regular.svg]
[runecom03.runtime.vn/App_Themes/Home/fonts/fontawesome-webfont5b62.svg]
[runecom03.runtime.vn/san-pham/{{item.ProductCode}}.html]
[runecom03.runtime.vn/notfound5031.html]
[runecom03.runtime.vn/thanh-toan.html]
[runecom03.runtime.vn/quen-mat-khau.html]
[runecom03.runtime.vn/san-pham2679.html]
[runecom03.runtime.vn/san-pham4658.html]
[runecom03.runtime.vn/san-pham/may-anh-kts-panasonic-lumix-dmc-zs8-14.1mp.html]
[runecom03.runtime.vn/Uploads/shop90/images/product/panasonic-6581-108713-1-product.html]
[runecom03.runtime.vn/san-pham/may-anh-kts-panasonic-lumix-10.1mp.html]
[runecom03.runtime.vn/san-pham/may-anh-kts-panasonic-lumix-dmc-zs10-14.1mp.html]
[runecom03.runtime.vn/san-pham/may-anh-nikon-d5300-kit-18-55mm-f-3.5---5.6g-vrii.html]
[runecom03.runtime.vn/san-pham/may-anh-may-quay-phim-11302679.html]
[runecom03.runtime.vn/san-pham/may-anh-may-quay-phim-11304658.html]
[runecom03.runtime.vn/san-pham/{{item.html]
[runecom03.runtime.vn/san-pham/may-anh-nikon-coolpix-s5200-red.html]
[runecom03.runtime.vn/san-pham/may-anh-nikon-coolpix-p600-black.html]
[runecom03.runtime.vn/san-pham/may-anh-nikon-coolpix-s5200-silver.html]
[runecom03.runtime.vn/san-pham/may-anh-samsung-ec-wb350fbdwvn-trang.html]
[runecom03.runtime.vn/san-pham/may-anh-samsung-ec-wb35fzbdbvnec-den.html]
[runecom03.runtime.vn/san-pham/may-anh-samsung-ev-nx30zzbgbvn-den.html]
[runecom03.runtime.vn/san-pham/sony-cyber-shot-18.2mp---zoom-quang-hoc-20x---dsc-wx300-(do).html]
[runecom03.runtime.vn/san-pham/sony-18.2mp---zoom-quang-20x.html]
[runecom03.runtime.vn/san-pham/may-anh-sony-dsc-wx80-bc-e32.html]
[runecom03.runtime.vn/san-pham/may-anh-sony-nex-5ry-bq-ap2.html]
[runecom03.runtime.vn/san-pham/may-anh-sony-dsc-wx200-pc-e32.html]
[runecom03.runtime.vn/san-pham/may-anh-sony-dsc-h300-e32.html]
[runecom03.runtime.vn/san-pham/may-anh-sony-ixus-135.html]
[runecom03.runtime.vn/san-pham/may-anh-canon-dsc-w690-sc-e32.html]
[runecom03.runtime.vn/san-pham/may-anh-canon-nex-5rl-bq-ap2.html]
[runecom03.runtime.vn/san-pham/may-anh-canon-dsc-wx200-bc-e32.html]
[runecom03.runtime.vn/san-pham/may-anh-canon-ek-gc100zkaxev-(galaxy-camera)-(den).html]
[runecom03.runtime.vn/san-pham/may-anh-canon-eos-600d.html]
[runecom03.runtime.vn/trang-chu2679.html]
[runecom03.runtime.vn/trang-chu4658.html]
[runecom03.runtime.vn/notfounda747.html]
[runecom03.runtime.vn/gioi-thieu/ve-chung-toi.html]
[runecom03.runtime.vn/gioi-thieu/linh-vuc-hoat-dong.html]
[runecom03.runtime.vn/tin-tuc/{{item.html]
[runecom03.runtime.vn/tin-tuc/xu-huong-thoi-trang.html]
[runecom03.runtime.vn/tin-tuc/mac-dep.html]
[runecom03.runtime.vn/tin-tuc/khuyen-mai.html]
[runecom03.runtime.vn/tin-tuc/tren-tay-dell-xps-13-(2015)--mong-hon--manh-hon--pin-tot-hon.html]
[runecom03.runtime.vn/tin-tuc/panasonic-ra-mat-bo-3-may-anh-compact-moi-261.html]
[runecom03.runtime.vn/tin-tuc/4-ly-do-de-dau-tu-mot-chiec-ao-khoac-dat-tien.html]
[runecom03.runtime.vn/Uploads/shop90/images/article/article_image-14316964.jpg]
[runecom03.runtime.vn/tin-tuc/“bat-mi”-mau-smartphone-man-hinh-cong-bi-mat-cua-lg.html]
[runecom03.runtime.vn/notfoundf7bf.html]
[runecom03.runtime.vn/notfounda963.html]
[runecom03.runtime.vn/notfounda3e5.html]
[runecom03.runtime.vn/notfound3ef9.html]
[runecom03.runtime.vn/Scripts/flexSlider/fonts/flexslider-icon.svg]
[runecom03.runtime.vn/notfound8ad2.html]
[runecom03.runtime.vn/notfound7f02.html]
[runecom03.runtime.vn/ban-do.html]
[runecom03.runtime.vn/Scripts/smoothproducts/smoothproducts.css]
[runecom03.runtime.vn/san-pham/{{item-2.html]
[www.mydeal.vn/public/loading_icon.gif]
[www.mydeal.vn/img/step-1.html]
[www.mydeal.vn/img/step-2.html]
[www.mydeal.vn/img/step-3.html]
[www.mydeal.vn/img/step-4.html]
[img.sieumua.com/media/wysiwyg/huongdan/BaoKim/sieumua.com-1_.html]
[img.sieumua.com/media/wysiwyg/huongdan/BaoKim/sieumua.com-2_.html]
[img.sieumua.com/media/wysiwyg/huongdan/BaoKim/sieumua.com-6_.html]
[img.sieumua.com/media/wysiwyg/huongdan/BaoKim/sieumua.com-onestep1.html]
[img.sieumua.com/media/wysiwyg/huongdan/BaoKim/sieumua.com-onestep2.html]
[img.sieumua.com/media/wysiwyg/huongdan/BaoKim/sieumua.com-onestep4.html]
[img.sieumua.com/media/wysiwyg/huongdan/BaoKim/sieumua.com-8_.html]
[img.sieumua.com/media/wysiwyg/huongdan/BaoKim/sieumua.com-9_.html]
[img.sieumua.com/media/wysiwyg/huongdan/BaoKim/sieumua.com-10_.html]
[img.sieumua.com/media/wysiwyg/huongdan/BaoKim/sieumua.com-11_.html]
[runecom03.runtime.vn/notfounda747.html]
[runecom03.runtime.vn/tin-tuc/{{item.html]
[runecom03.runtime.vn/san-pham/asus-tp550la-cj040h---core-i3-4030u---15.6_-touch---4gb-(den).html]
[runecom03.runtime.vn/tin-tuc/tai-sao-“thuong-de”-ngay-cang-_ngan_-hoi-cho-giam-gia.html]
